// Jest Snapshot v1, https://goo.gl/fbAQLP

exports[`matches snapshot 1`] = `
Object {
  "promise": Object {
    "snapRejected": [Function],
  },
  "snap": Object {
    "default": [Function],
    "mkfn": [Function],
    "noRefs": [Function],
    "pureSafe": [Function],
    "pureUnsafe": [Function],
    "safe": [Function],
    "unsafe": [Function],
  },
}
`;
