// Jest Snapshot v1, https://goo.gl/fbAQLP

exports[`custom comparator 1`] = `
Array [
  65536,
  32768,
  16384,
  8192,
  4096,
  2048,
  1024,
  512,
  256,
  128,
  64,
  32,
  16,
  8,
  4,
  2,
  1,
  0,
]
`;

exports[`default comparator 1`] = `
Array [
  65536,
  32768,
  16384,
  8192,
  4096,
  2048,
  1024,
  512,
  256,
  128,
  64,
  32,
  16,
  8,
  4,
  2,
  1,
  0,
]
`;
