// Jest Snapshot v1, https://goo.gl/fbAQLP

exports[`main module matches snapshot 1`] = `
Object {
  "getDependencyMap": [Function],
  "listAllPackages": [Function],
  "listMismatchedDependencies": [Function],
  "npmRegistry": [Function],
  "updateDependencyVersions": [Function],
}
`;
