// Jest Snapshot v1, https://goo.gl/fbAQLP

exports[`without options 1`] = `
Array [
  Object {
    "path": "root/script-only/task.js",
    "type": "module",
  },
  Object {
    "path": "root/task.js",
    "type": "module",
  },
  Object {
    "path": "root/task.yaml",
    "type": "yaml",
  },
  Object {
    "path": "root/yaml-only/task.yaml",
    "type": "yaml",
  },
]
`;
