// Jest Snapshot v1, https://goo.gl/fbAQLP

exports[`main module matches snapshot 1`] = `
Object {
  "listAllPackages": [Function],
}
`;
