// Jest Snapshot v1, https://goo.gl/fbAQLP

exports[`matches snapshot 1`] = `
"
rootArray:
  - '*.log'
  - quick-test
  - test
  - /check
  - tmp
  - temp
  - tmp.*
  - temp.*
  - '*.tmp'
  - '*.temp'
  - '*.sh'
  - '*.tern-project*'
  - '*.editorconfig*'
  - '*.eslintrc*'
  - jest.config*
  - .git*
  - /.travis.yml
  - /appveyor.yml
  - /circle.yml
  - /sh
  - /coverage
  - docs
  - yarn.lock
  - package-lock.json
  - shrinkwrap*
  - renovate*
  - TODO.md
rootString: |-
  *.log
  quick-test
  test
  /check
  tmp
  temp
  tmp.*
  temp.*
  *.tmp
  *.temp
  *.sh
  *.tern-project*
  *.editorconfig*
  *.eslintrc*
  jest.config*
  .git*
  /.travis.yml
  /appveyor.yml
  /circle.yml
  /sh
  /coverage
  docs
  yarn.lock
  package-lock.json
  shrinkwrap*
  renovate*
  TODO.md

"
`;
