// Jest Snapshot v1, https://goo.gl/fbAQLP

exports[`module matches snapshot 1`] = `
Object {
  "base": Object {
    "delimiter": [Function],
    "join": [Function],
    "pathArray": [Function],
    "pathEnv": [Function],
    "pathString": [Function],
    "split": [Function],
  },
  "pathEnv": [Function],
  "pathString": [Function],
}
`;
