// Jest Snapshot v1, https://goo.gl/fbAQLP

exports[`subject matches snapshot 1`] = `
Object {
  "base": Object {
    "createFactory": [Function],
  },
  "createFactory": [Function],
  "default": [Function],
  "virtualEnvironment": Object {
    "createFactory": [Function],
  },
}
`;

exports[`trackedData changes when invoking setup-teardown asynchronously 1`] = `
Object {
  "history": Array [
    Object {
      "step": "setup",
      "trackedData": "Initial",
    },
    Object {
      "step": "main",
      "trackedData": "New",
    },
    Object {
      "step": "teardown",
      "trackedData": "New",
    },
  ],
}
`;

exports[`trackedData changes when invoking setup-teardown synchronously 1`] = `
Object {
  "history": Array [
    Object {
      "step": "setup",
      "trackedData": "Initial",
    },
    Object {
      "step": "main",
      "trackedData": "New",
    },
    Object {
      "step": "teardown",
      "trackedData": "New",
    },
  ],
}
`;
