// Jest Snapshot v1, https://goo.gl/fbAQLP

exports[`matches snapshot 1`] = `
Array [
  Object {
    "data": Array [
      "a",
      "b",
      "c",
      "d",
      "e",
      "f",
    ],
  },
  Object {
    "at2": "c",
    "data": Array [
      "a",
      "b",
      "c",
      "d",
      "e",
      "f",
    ],
  },
  Object {
    "at6": "aa",
    "data": Array [
      "a",
      "b",
      "c",
      "d",
      "e",
      "f",
      "aa",
      "ab",
      "ac",
      "ad",
      "ae",
      "af",
      "ba",
      "bb",
      "bc",
      "bd",
      "be",
      "bf",
      "ca",
      "cb",
      "cc",
      "cd",
      "ce",
      "cf",
      "da",
      "db",
      "dc",
      "dd",
      "de",
      "df",
      "ea",
      "eb",
      "ec",
      "ed",
      "ee",
      "ef",
      "fa",
      "fb",
      "fc",
      "fd",
      "fe",
      "ff",
    ],
  },
  Object {
    "collection20": Array [
      "a",
      "b",
      "c",
      "d",
      "e",
      "f",
      "aa",
      "ab",
      "ac",
      "ad",
      "ae",
      "af",
      "ba",
      "bb",
      "bc",
      "bd",
      "be",
      "bf",
      "ca",
      "cb",
    ],
    "data": Array [
      "a",
      "b",
      "c",
      "d",
      "e",
      "f",
      "aa",
      "ab",
      "ac",
      "ad",
      "ae",
      "af",
      "ba",
      "bb",
      "bc",
      "bd",
      "be",
      "bf",
      "ca",
      "cb",
      "cc",
      "cd",
      "ce",
      "cf",
      "da",
      "db",
      "dc",
      "dd",
      "de",
      "df",
      "ea",
      "eb",
      "ec",
      "ed",
      "ee",
      "ef",
      "fa",
      "fb",
      "fc",
      "fd",
      "fe",
      "ff",
    ],
  },
  Object {
    "collection64": Array [
      "a",
      "b",
      "c",
      "d",
      "e",
      "f",
      "aa",
      "ab",
      "ac",
      "ad",
      "ae",
      "af",
      "ba",
      "bb",
      "bc",
      "bd",
      "be",
      "bf",
      "ca",
      "cb",
      "cc",
      "cd",
      "ce",
      "cf",
      "da",
      "db",
      "dc",
      "dd",
      "de",
      "df",
      "ea",
      "eb",
      "ec",
      "ed",
      "ee",
      "ef",
      "fa",
      "fb",
      "fc",
      "fd",
      "fe",
      "ff",
      "aa",
      "ab",
      "ac",
      "ad",
      "ae",
      "af",
      "aaa",
      "aab",
      "aac",
      "aad",
      "aae",
      "aaf",
      "aba",
      "abb",
      "abc",
      "abd",
      "abe",
      "abf",
      "aca",
      "acb",
      "acc",
      "acd",
    ],
    "data": Array [
      "a",
      "b",
      "c",
      "d",
      "e",
      "f",
      "aa",
      "ab",
      "ac",
      "ad",
      "ae",
      "af",
      "ba",
      "bb",
      "bc",
      "bd",
      "be",
      "bf",
      "ca",
      "cb",
      "cc",
      "cd",
      "ce",
      "cf",
      "da",
      "db",
      "dc",
      "dd",
      "de",
      "df",
      "ea",
      "eb",
      "ec",
      "ed",
      "ee",
      "ef",
      "fa",
      "fb",
      "fc",
      "fd",
      "fe",
      "ff",
      "aa",
      "ab",
      "ac",
      "ad",
      "ae",
      "af",
      "aaa",
      "aab",
      "aac",
      "aad",
      "aae",
      "aaf",
      "aba",
      "abb",
      "abc",
      "abd",
      "abe",
      "abf",
      "aca",
      "acb",
      "acc",
      "acd",
      "ace",
    ],
  },
]
`;
